// Jest Snapshot v1, https://goo.gl/fbAQLP

exports[`handler() be succeed 1`] = `
Object {
  "body": "iVBORw0KGgoAAAANSUhEUgAAAAEAAAABCAQAAAC1HAwCAAAAC0lEQVQI12NgYAAAAAMAASDVlMcAAAAASUVORK5CYII=",
  "headers": Object {
    "Content-Type": "image/png",
  },
  "isBase64Encoded": true,
  "statusCode": 200,
}
`;
